// Jest Snapshot v1, https://goo.gl/fbAQLP

exports[`CheckboxWithLabel component should match snapshot 1`] = `
<div>
  <label
    class="checkbox"
  >
    <label
      class="container"
      for=":r0:"
    >
      <input
        id=":r0:"
        type="checkbox"
      />
      <span
        class="checkmark"
      />
    </label>
    Remember me
  </label>
</div>
`;
